0 verbose cli /usr/local/bin/node /usr/local/lib/node_modules/npm/bin/npm-cli.js
1 info using npm@10.9.8
2 info using node@v22.22.3
3 silly config load:file:/usr/local/lib/node_modules/npm/npmrc
4 silly config load:file:/workspace/.npmrc
5 silly config load:file:/home/worker/.npmrc
6 silly config load:file:/usr/local/etc/npmrc
7 verbose title npm exec prisma --version
8 verbose argv "exec" "--" "prisma" "--version"
9 verbose logfile logs-max:10 dir:/home/worker/.npm/_logs/2026-05-23T07_06_48_069Z-
10 verbose logfile /home/worker/.npm/_logs/2026-05-23T07_06_48_069Z-debug-0.log
11 silly logfile done cleaning log files
12 silly packumentCache heap:3808428032 maxSize:952107008 maxEntrySize:476053504
13 http fetch GET 200 https://registry.npmjs.org/npm 160ms
14 http fetch GET 200 https://registry.npmjs.org/prisma 474ms (cache miss)
15 silly packumentCache heap:3808428032 maxSize:952107008 maxEntrySize:476053504
16 silly packumentCache heap:3808428032 maxSize:952107008 maxEntrySize:476053504
17 warn exec The following package was not found and will be installed: prisma@7.8.0
18 silly idealTree buildDeps
19 silly fetch manifest prisma@7.8.0
20 silly packumentCache full:https://registry.npmjs.org/prisma cache-miss
21 http fetch GET 200 https://registry.npmjs.org/prisma 825ms (cache miss)
22 silly packumentCache full:https://registry.npmjs.org/prisma set size:undefined disposed:false
23 silly fetch manifest better-sqlite3@>=9.0.0
24 silly packumentCache full:https://registry.npmjs.org/better-sqlite3 cache-miss
25 http fetch GET 200 https://registry.npmjs.org/better-sqlite3 209ms (cache miss)
26 silly packumentCache full:https://registry.npmjs.org/better-sqlite3 set size:undefined disposed:false
27 silly fetch manifest typescript@>=5.4.0
28 silly packumentCache full:https://registry.npmjs.org/typescript cache-miss
29 http fetch GET 200 https://registry.npmjs.org/typescript 227ms (cache miss)
30 silly packumentCache full:https://registry.npmjs.org/typescript set size:undefined disposed:false
31 silly placeDep ROOT prisma@7.8.0 OK for:  want: 7.8.0
32 silly fetch manifest mysql2@3.15.3
33 silly packumentCache full:https://registry.npmjs.org/mysql2 cache-miss
34 http fetch GET 200 https://registry.npmjs.org/mysql2 44ms (cache miss)
35 silly packumentCache full:https://registry.npmjs.org/mysql2 set size:undefined disposed:false
36 silly fetch manifest postgres@3.4.7
37 silly packumentCache full:https://registry.npmjs.org/postgres cache-miss
38 http fetch GET 200 https://registry.npmjs.org/postgres 202ms (cache miss)
39 silly packumentCache full:https://registry.npmjs.org/postgres set size:undefined disposed:false
40 silly fetch manifest @prisma/dev@0.24.3
41 silly packumentCache full:https://registry.npmjs.org/@prisma%2fdev cache-miss
42 http fetch GET 200 https://registry.npmjs.org/@prisma%2fdev 457ms (cache miss)
43 silly packumentCache full:https://registry.npmjs.org/@prisma%2fdev set size:undefined disposed:false
44 silly fetch manifest @prisma/config@7.8.0
45 silly packumentCache full:https://registry.npmjs.org/@prisma%2fconfig cache-miss
46 http fetch GET 200 https://registry.npmjs.org/@prisma%2fconfig 539ms (cache miss)
47 silly packumentCache full:https://registry.npmjs.org/@prisma%2fconfig set size:undefined disposed:false
48 silly fetch manifest @prisma/engines@7.8.0
49 silly packumentCache full:https://registry.npmjs.org/@prisma%2fengines cache-miss
50 http fetch GET 200 https://registry.npmjs.org/@prisma%2fengines 804ms (cache miss)
51 silly packumentCache full:https://registry.npmjs.org/@prisma%2fengines set size:undefined disposed:false
52 silly fetch manifest @prisma/studio-core@0.27.3
53 silly packumentCache full:https://registry.npmjs.org/@prisma%2fstudio-core cache-miss
54 http fetch GET 200 https://registry.npmjs.org/@prisma%2fstudio-core 514ms (cache miss)
55 silly packumentCache full:https://registry.npmjs.org/@prisma%2fstudio-core set size:undefined disposed:false
56 silly fetch manifest @types/react@^18.0.0 || ^19.0.0
57 silly packumentCache full:https://registry.npmjs.org/@types%2freact cache-miss
58 http fetch GET 200 https://registry.npmjs.org/@types%2freact 428ms (cache miss)
59 silly packumentCache full:https://registry.npmjs.org/@types%2freact set size:undefined disposed:false
60 silly fetch manifest react@^18.0.0 || ^19.0.0
61 silly packumentCache full:https://registry.npmjs.org/react cache-miss
62 http fetch GET 200 https://registry.npmjs.org/react 310ms (cache miss)
63 silly packumentCache full:https://registry.npmjs.org/react set size:undefined disposed:false
64 silly fetch manifest react-dom@^18.0.0 || ^19.0.0
65 silly packumentCache full:https://registry.npmjs.org/react-dom cache-miss
66 http fetch GET 200 https://registry.npmjs.org/react-dom 155ms (cache miss)
67 silly packumentCache full:https://registry.npmjs.org/react-dom set size:undefined disposed:false
68 silly placeDep ROOT @prisma/config@7.8.0 OK for: prisma@7.8.0 want: 7.8.0
69 silly placeDep ROOT @prisma/dev@0.24.3 OK for: prisma@7.8.0 want: 0.24.3
70 silly placeDep ROOT @prisma/engines@7.8.0 OK for: prisma@7.8.0 want: 7.8.0
71 silly placeDep ROOT @prisma/studio-core@0.27.3 OK for: prisma@7.8.0 want: 0.27.3
72 silly placeDep ROOT react@19.2.6 OK for: @prisma/studio-core@0.27.3 want: ^18.0.0 || ^19.0.0
73 silly placeDep ROOT react-dom@19.2.6 OK for: @prisma/studio-core@0.27.3 want: ^18.0.0 || ^19.0.0
74 silly placeDep ROOT @types/react@19.2.15 OK for: @prisma/studio-core@0.27.3 want: ^18.0.0 || ^19.0.0
75 silly placeDep ROOT mysql2@3.15.3 OK for: prisma@7.8.0 want: 3.15.3
76 silly placeDep ROOT postgres@3.4.7 OK for: prisma@7.8.0 want: 3.4.7
77 silly fetch manifest c12@3.3.4
78 silly packumentCache full:https://registry.npmjs.org/c12 cache-miss
79 http fetch GET 200 https://registry.npmjs.org/c12 208ms (cache miss)
80 silly packumentCache full:https://registry.npmjs.org/c12 set size:undefined disposed:false
81 silly fetch manifest effect@3.20.0
82 silly packumentCache full:https://registry.npmjs.org/effect cache-miss
83 http fetch GET 200 https://registry.npmjs.org/effect 338ms (cache miss)
84 silly packumentCache full:https://registry.npmjs.org/effect set size:undefined disposed:false
85 silly fetch manifest empathic@2.0.0
86 silly packumentCache full:https://registry.npmjs.org/empathic cache-miss
87 http fetch GET 200 https://registry.npmjs.org/empathic 214ms (cache miss)
88 silly packumentCache full:https://registry.npmjs.org/empathic set size:undefined disposed:false
89 silly fetch manifest deepmerge-ts@7.1.5
90 silly packumentCache full:https://registry.npmjs.org/deepmerge-ts cache-miss
91 http fetch GET 200 https://registry.npmjs.org/deepmerge-ts 195ms (cache miss)
92 silly packumentCache full:https://registry.npmjs.org/deepmerge-ts set size:undefined disposed:false
93 silly fetch manifest hono@^4.12.8
94 silly packumentCache full:https://registry.npmjs.org/hono cache-miss
95 http fetch GET 200 https://registry.npmjs.org/hono 249ms (cache miss)
96 silly packumentCache full:https://registry.npmjs.org/hono set size:undefined disposed:false
97 silly fetch manifest pathe@2.0.3
98 silly packumentCache full:https://registry.npmjs.org/pathe cache-miss
99 http fetch GET 200 https://registry.npmjs.org/pathe 205ms (cache miss)
100 silly packumentCache full:https://registry.npmjs.org/pathe set size:undefined disposed:false
101 silly fetch manifest remeda@2.33.4
102 silly packumentCache full:https://registry.npmjs.org/remeda cache-miss
103 http fetch GET 200 https://registry.npmjs.org/remeda 215ms (cache miss)
104 silly packumentCache full:https://registry.npmjs.org/remeda set size:undefined disposed:false
105 silly fetch manifest std-env@3.10.0
106 silly packumentCache full:https://registry.npmjs.org/std-env cache-miss
107 http fetch GET 200 https://registry.npmjs.org/std-env 229ms (cache miss)
108 silly packumentCache full:https://registry.npmjs.org/std-env set size:undefined disposed:false
109 silly fetch manifest valibot@1.2.0
110 silly packumentCache full:https://registry.npmjs.org/valibot cache-miss
111 http fetch GET 200 https://registry.npmjs.org/valibot 205ms (cache miss)
112 silly packumentCache full:https://registry.npmjs.org/valibot set size:undefined disposed:false
113 silly fetch manifest zeptomatch@2.1.0
114 silly packumentCache full:https://registry.npmjs.org/zeptomatch cache-miss
115 http fetch GET 200 https://registry.npmjs.org/zeptomatch 210ms (cache miss)
116 silly packumentCache full:https://registry.npmjs.org/zeptomatch set size:undefined disposed:false
117 silly fetch manifest get-port-please@3.2.0
118 silly packumentCache full:https://registry.npmjs.org/get-port-please cache-miss
119 http fetch GET 200 https://registry.npmjs.org/get-port-please 210ms (cache miss)
120 silly packumentCache full:https://registry.npmjs.org/get-port-please set size:undefined disposed:false
121 silly fetch manifest proper-lockfile@4.1.2
122 silly packumentCache full:https://registry.npmjs.org/proper-lockfile cache-miss
123 http fetch GET 200 https://registry.npmjs.org/proper-lockfile 211ms (cache miss)
124 silly packumentCache full:https://registry.npmjs.org/proper-lockfile set size:undefined disposed:false
125 silly fetch manifest foreground-child@3.3.1
126 silly packumentCache full:https://registry.npmjs.org/foreground-child cache-miss
127 http fetch GET 200 https://registry.npmjs.org/foreground-child 224ms (cache miss)
128 silly packumentCache full:https://registry.npmjs.org/foreground-child set size:undefined disposed:false
129 silly fetch manifest @hono/node-server@1.19.11
130 silly packumentCache full:https://registry.npmjs.org/@hono%2fnode-server cache-miss
131 http fetch GET 200 https://registry.npmjs.org/@hono%2fnode-server 45ms (cache miss)
132 silly packumentCache full:https://registry.npmjs.org/@hono%2fnode-server set size:undefined disposed:false
133 silly fetch manifest http-status-codes@2.3.0
134 silly packumentCache full:https://registry.npmjs.org/http-status-codes cache-miss
135 http fetch GET 200 https://registry.npmjs.org/http-status-codes 201ms (cache miss)
136 silly packumentCache full:https://registry.npmjs.org/http-status-codes set size:undefined disposed:false
137 silly fetch manifest @electric-sql/pglite@0.4.1
138 silly packumentCache full:https://registry.npmjs.org/@electric-sql%2fpglite cache-miss
139 http fetch GET 200 https://registry.npmjs.org/@electric-sql%2fpglite 414ms (cache miss)
140 silly packumentCache full:https://registry.npmjs.org/@electric-sql%2fpglite set size:undefined disposed:false
141 silly fetch manifest @prisma/get-platform@7.2.0
142 silly packumentCache full:https://registry.npmjs.org/@prisma%2fget-platform cache-miss
143 http fetch GET 200 https://registry.npmjs.org/@prisma%2fget-platform 885ms (cache miss)
144 silly packumentCache full:https://registry.npmjs.org/@prisma%2fget-platform set size:undefined disposed:false
145 silly fetch manifest @prisma/streams-local@0.1.2
146 silly packumentCache full:https://registry.npmjs.org/@prisma%2fstreams-local cache-miss
147 http fetch GET 200 https://registry.npmjs.org/@prisma%2fstreams-local 435ms (cache miss)
148 silly packumentCache full:https://registry.npmjs.org/@prisma%2fstreams-local set size:undefined disposed:false
149 silly fetch manifest @electric-sql/pglite-tools@0.3.1
150 silly packumentCache full:https://registry.npmjs.org/@electric-sql%2fpglite-tools cache-miss
151 http fetch GET 200 https://registry.npmjs.org/@electric-sql%2fpglite-tools 440ms (cache miss)
152 silly packumentCache full:https://registry.npmjs.org/@electric-sql%2fpglite-tools set size:undefined disposed:false
153 silly fetch manifest @electric-sql/pglite-socket@0.1.1
154 silly packumentCache full:https://registry.npmjs.org/@electric-sql%2fpglite-socket cache-miss
155 http fetch GET 200 https://registry.npmjs.org/@electric-sql%2fpglite-socket 462ms (cache miss)
156 silly packumentCache full:https://registry.npmjs.org/@electric-sql%2fpglite-socket set size:undefined disposed:false
157 silly fetch manifest @prisma/query-plan-executor@7.2.0
158 silly packumentCache full:https://registry.npmjs.org/@prisma%2fquery-plan-executor cache-miss
159 http fetch GET 200 https://registry.npmjs.org/@prisma%2fquery-plan-executor 455ms (cache miss)
160 silly packumentCache full:https://registry.npmjs.org/@prisma%2fquery-plan-executor set size:undefined disposed:false
161 silly fetch manifest @prisma/debug@7.8.0
162 silly packumentCache full:https://registry.npmjs.org/@prisma%2fdebug cache-miss
163 http fetch GET 200 https://registry.npmjs.org/@prisma%2fdebug 849ms (cache miss)
164 silly packumentCache full:https://registry.npmjs.org/@prisma%2fdebug set size:undefined disposed:false
165 silly fetch manifest @prisma/fetch-engine@7.8.0
166 silly packumentCache full:https://registry.npmjs.org/@prisma%2ffetch-engine cache-miss
167 http fetch GET 200 https://registry.npmjs.org/@prisma%2ffetch-engine 862ms (cache miss)
168 silly packumentCache full:https://registry.npmjs.org/@prisma%2ffetch-engine set size:undefined disposed:false
169 silly fetch manifest @prisma/get-platform@7.8.0
170 silly packumentCache full:https://registry.npmjs.org/@prisma%2fget-platform cache-miss
171 http cache https://registry.npmjs.org/@prisma%2fget-platform 43ms (cache hit)
172 silly packumentCache full:https://registry.npmjs.org/@prisma%2fget-platform set size:28389571 disposed:false
173 silly fetch manifest @prisma/engines-version@7.8.0-6.3c6e192761c0362d496ed980de936e2f3cebcd3a
174 silly packumentCache full:https://registry.npmjs.org/@prisma%2fengines-version cache-miss
175 http fetch GET 200 https://registry.npmjs.org/@prisma%2fengines-version 635ms (cache miss)
176 silly packumentCache full:https://registry.npmjs.org/@prisma%2fengines-version set size:undefined disposed:false
177 silly fetch manifest chart.js@4.5.1
178 silly packumentCache full:https://registry.npmjs.org/chart.js cache-miss
179 http fetch GET 200 https://registry.npmjs.org/chart.js 219ms (cache miss)
180 silly packumentCache full:https://registry.npmjs.org/chart.js set size:undefined disposed:false
181 silly fetch manifest @radix-ui/react-toggle@1.1.10
182 silly packumentCache full:https://registry.npmjs.org/@radix-ui%2freact-toggle cache-miss
183 http fetch GET 200 https://registry.npmjs.org/@radix-ui%2freact-toggle 448ms (cache miss)
184 silly packumentCache full:https://registry.npmjs.org/@radix-ui%2freact-toggle set size:undefined disposed:false
185 silly fetch manifest csstype@^3.2.2
186 silly packumentCache full:https://registry.npmjs.org/csstype cache-miss
187 http fetch GET 200 https://registry.npmjs.org/csstype 226ms (cache miss)
188 silly packumentCache full:https://registry.npmjs.org/csstype set size:undefined disposed:false
189 silly fetch manifest scheduler@^0.27.0
190 silly packumentCache full:https://registry.npmjs.org/scheduler cache-miss
191 http fetch GET 200 https://registry.npmjs.org/scheduler 307ms (cache miss)
192 silly packumentCache full:https://registry.npmjs.org/scheduler set size:undefined disposed:false
193 silly fetch manifest long@^5.2.1
194 silly packumentCache full:https://registry.npmjs.org/long cache-miss
195 http fetch GET 200 https://registry.npmjs.org/long 35ms (cache miss)
196 silly packumentCache full:https://registry.npmjs.org/long set size:undefined disposed:false
197 silly fetch manifest denque@^2.1.0
198 silly packumentCache full:https://registry.npmjs.org/denque cache-miss
199 http fetch GET 200 https://registry.npmjs.org/denque 31ms (cache miss)
200 silly packumentCache full:https://registry.npmjs.org/denque set size:undefined disposed:false
201 silly fetch manifest lru.min@^1.0.0
202 silly packumentCache full:https://registry.npmjs.org/lru.min cache-miss
203 http fetch GET 200 https://registry.npmjs.org/lru.min 207ms (cache miss)
204 silly packumentCache full:https://registry.npmjs.org/lru.min set size:undefined disposed:false
205 silly fetch manifest seq-queue@^0.0.5
206 silly packumentCache full:https://registry.npmjs.org/seq-queue cache-miss
207 http fetch GET 200 https://registry.npmjs.org/seq-queue 224ms (cache miss)
208 silly packumentCache full:https://registry.npmjs.org/seq-queue set size:undefined disposed:false
209 silly fetch manifest sqlstring@^2.3.2
210 silly packumentCache full:https://registry.npmjs.org/sqlstring cache-miss
211 http fetch GET 200 https://registry.npmjs.org/sqlstring 214ms (cache miss)
212 silly packumentCache full:https://registry.npmjs.org/sqlstring set size:undefined disposed:false
213 silly fetch manifest iconv-lite@^0.7.0
214 silly packumentCache full:https://registry.npmjs.org/iconv-lite cache-miss
215 http fetch GET 200 https://registry.npmjs.org/iconv-lite 37ms (cache miss)
216 silly packumentCache full:https://registry.npmjs.org/iconv-lite set size:undefined disposed:false
217 silly fetch manifest aws-ssl-profiles@^1.1.1
218 silly packumentCache full:https://registry.npmjs.org/aws-ssl-profiles cache-miss
219 http fetch GET 200 https://registry.npmjs.org/aws-ssl-profiles 31ms (cache miss)
220 silly packumentCache full:https://registry.npmjs.org/aws-ssl-profiles set size:undefined disposed:false
221 silly fetch manifest generate-function@^2.3.1
222 silly packumentCache full:https://registry.npmjs.org/generate-function cache-miss
223 http fetch GET 200 https://registry.npmjs.org/generate-function 29ms (cache miss)
224 silly packumentCache full:https://registry.npmjs.org/generate-function set size:undefined disposed:false
225 silly fetch manifest named-placeholders@^1.1.3
226 silly packumentCache full:https://registry.npmjs.org/named-placeholders cache-miss
227 http fetch GET 200 https://registry.npmjs.org/named-placeholders 224ms (cache miss)
228 silly packumentCache full:https://registry.npmjs.org/named-placeholders set size:undefined disposed:false
229 silly fetch manifest magicast@*
230 silly packumentCache full:https://registry.npmjs.org/magicast cache-miss
231 http fetch GET 200 https://registry.npmjs.org/magicast 212ms (cache miss)
232 silly packumentCache full:https://registry.npmjs.org/magicast set size:undefined disposed:false
233 silly placeDep ROOT c12@3.3.4 OK for: @prisma/config@7.8.0 want: 3.3.4
234 silly placeDep ROOT deepmerge-ts@7.1.5 OK for: @prisma/config@7.8.0 want: 7.1.5
235 silly placeDep ROOT effect@3.20.0 OK for: @prisma/config@7.8.0 want: 3.20.0
236 silly placeDep ROOT empathic@2.0.0 OK for: @prisma/config@7.8.0 want: 2.0.0
237 silly fetch manifest rc9@^3.0.1
238 silly packumentCache full:https://registry.npmjs.org/rc9 cache-miss
239 http fetch GET 200 https://registry.npmjs.org/rc9 223ms (cache miss)
240 silly packumentCache full:https://registry.npmjs.org/rc9 set size:undefined disposed:false
241 silly fetch manifest defu@^6.1.6
242 silly packumentCache full:https://registry.npmjs.org/defu cache-miss
243 http fetch GET 200 https://registry.npmjs.org/defu 219ms (cache miss)
244 silly packumentCache full:https://registry.npmjs.org/defu set size:undefined disposed:false
245 silly fetch manifest jiti@^2.6.1
246 silly packumentCache full:https://registry.npmjs.org/jiti cache-miss
247 http fetch GET 200 https://registry.npmjs.org/jiti 43ms (cache miss)
248 silly packumentCache full:https://registry.npmjs.org/jiti set size:undefined disposed:false
249 silly fetch manifest giget@^3.2.0
250 silly packumentCache full:https://registry.npmjs.org/giget cache-miss
251 http fetch GET 200 https://registry.npmjs.org/giget 205ms (cache miss)
252 silly packumentCache full:https://registry.npmjs.org/giget set size:undefined disposed:false
253 silly fetch manifest ohash@^2.0.11
254 silly packumentCache full:https://registry.npmjs.org/ohash cache-miss
255 http fetch GET 200 https://registry.npmjs.org/ohash 202ms (cache miss)
256 silly packumentCache full:https://registry.npmjs.org/ohash set size:undefined disposed:false
257 silly fetch manifest pathe@^2.0.3
258 silly packumentCache full:https://registry.npmjs.org/pathe cache-miss
259 http cache https://registry.npmjs.org/pathe 3ms (cache hit)
260 silly packumentCache full:https://registry.npmjs.org/pathe set size:68788 disposed:false
261 silly fetch manifest dotenv@^17.3.1
262 silly packumentCache full:https://registry.npmjs.org/dotenv cache-miss
263 http fetch GET 200 https://registry.npmjs.org/dotenv 39ms (cache miss)
264 silly packumentCache full:https://registry.npmjs.org/dotenv set size:undefined disposed:false
265 silly fetch manifest confbox@^0.2.4
266 silly packumentCache full:https://registry.npmjs.org/confbox cache-miss
267 http fetch GET 200 https://registry.npmjs.org/confbox 226ms (cache miss)
268 silly packumentCache full:https://registry.npmjs.org/confbox set size:undefined disposed:false
269 silly fetch manifest exsolve@^1.0.8
270 silly packumentCache full:https://registry.npmjs.org/exsolve cache-miss
271 http fetch GET 200 https://registry.npmjs.org/exsolve 212ms (cache miss)
272 silly packumentCache full:https://registry.npmjs.org/exsolve set size:undefined disposed:false
273 silly fetch manifest chokidar@^5.0.0
274 silly packumentCache full:https://registry.npmjs.org/chokidar cache-miss
275 http fetch GET 200 https://registry.npmjs.org/chokidar 36ms (cache miss)
276 silly packumentCache full:https://registry.npmjs.org/chokidar set size:undefined disposed:false
277 silly fetch manifest pkg-types@^2.3.0
278 silly packumentCache full:https://registry.npmjs.org/pkg-types cache-miss
279 http fetch GET 200 https://registry.npmjs.org/pkg-types 202ms (cache miss)
280 silly packumentCache full:https://registry.npmjs.org/pkg-types set size:undefined disposed:false
281 silly fetch manifest perfect-debounce@^2.1.0
282 silly packumentCache full:https://registry.npmjs.org/perfect-debounce cache-miss
283 http fetch GET 200 https://registry.npmjs.org/perfect-debounce 212ms (cache miss)
284 silly packumentCache full:https://registry.npmjs.org/perfect-debounce set size:undefined disposed:false
285 silly fetch manifest fast-check@^3.23.1
286 silly packumentCache full:https://registry.npmjs.org/fast-check cache-miss
287 http fetch GET 200 https://registry.npmjs.org/fast-check 236ms (cache miss)
288 silly packumentCache full:https://registry.npmjs.org/fast-check set size:undefined disposed:false
289 silly fetch manifest @standard-schema/spec@^1.0.0
290 silly packumentCache full:https://registry.npmjs.org/@standard-schema%2fspec cache-miss
291 http fetch GET 200 https://registry.npmjs.org/@standard-schema%2fspec 433ms (cache miss)
292 silly packumentCache full:https://registry.npmjs.org/@standard-schema%2fspec set size:undefined disposed:false
293 silly fetch manifest typescript@>=5
294 silly packumentCache full:https://registry.npmjs.org/typescript cache-miss
295 http cache https://registry.npmjs.org/typescript 19ms (cache hit)
296 silly packumentCache full:https://registry.npmjs.org/typescript set size:15409943 disposed:false
297 silly placeDep ROOT @electric-sql/pglite@0.4.1 OK for: @prisma/dev@0.24.3 want: 0.4.1
298 silly placeDep ROOT @electric-sql/pglite-socket@0.1.1 OK for: @prisma/dev@0.24.3 want: 0.1.1
299 silly placeDep ROOT @electric-sql/pglite-tools@0.3.1 OK for: @prisma/dev@0.24.3 want: 0.3.1
300 silly placeDep ROOT @hono/node-server@1.19.11 OK for: @prisma/dev@0.24.3 want: 1.19.11
301 silly placeDep ROOT hono@4.12.22 OK for: @hono/node-server@1.19.11 want: ^4
302 silly placeDep ROOT @prisma/get-platform@7.2.0 OK for: @prisma/dev@0.24.3 want: 7.2.0
303 silly placeDep ROOT @prisma/query-plan-executor@7.2.0 OK for: @prisma/dev@0.24.3 want: 7.2.0
304 silly placeDep ROOT @prisma/streams-local@0.1.2 OK for: @prisma/dev@0.24.3 want: 0.1.2
305 silly placeDep ROOT foreground-child@3.3.1 OK for: @prisma/dev@0.24.3 want: 3.3.1
306 silly placeDep ROOT get-port-please@3.2.0 OK for: @prisma/dev@0.24.3 want: 3.2.0
307 silly placeDep ROOT http-status-codes@2.3.0 OK for: @prisma/dev@0.24.3 want: 2.3.0
308 silly placeDep ROOT pathe@2.0.3 OK for: @prisma/dev@0.24.3 want: 2.0.3
309 silly placeDep ROOT proper-lockfile@4.1.2 OK for: @prisma/dev@0.24.3 want: 4.1.2
310 silly placeDep ROOT remeda@2.33.4 OK for: @prisma/dev@0.24.3 want: 2.33.4
311 silly placeDep ROOT std-env@3.10.0 OK for: @prisma/dev@0.24.3 want: 3.10.0
312 silly placeDep ROOT valibot@1.2.0 OK for: @prisma/dev@0.24.3 want: 1.2.0
313 silly placeDep ROOT zeptomatch@2.1.0 OK for: @prisma/dev@0.24.3 want: 2.1.0
314 silly fetch manifest @prisma/debug@7.2.0
315 silly packumentCache full:https://registry.npmjs.org/@prisma%2fdebug cache-miss
316 http cache https://registry.npmjs.org/@prisma%2fdebug 50ms (cache hit)
317 silly packumentCache full:https://registry.npmjs.org/@prisma%2fdebug set size:28705315 disposed:false
318 silly fetch manifest ajv@^8.12.0
319 silly packumentCache full:https://registry.npmjs.org/ajv cache-miss
320 http fetch GET 200 https://registry.npmjs.org/ajv 239ms (cache miss)
321 silly packumentCache full:https://registry.npmjs.org/ajv set size:undefined disposed:false
322 silly fetch manifest env-paths@^3.0.0
323 silly packumentCache full:https://registry.npmjs.org/env-paths cache-miss
324 http fetch GET 200 https://registry.npmjs.org/env-paths 198ms (cache miss)
325 silly packumentCache full:https://registry.npmjs.org/env-paths set size:undefined disposed:false
326 silly fetch manifest better-result@^2.7.0
327 silly packumentCache full:https://registry.npmjs.org/better-result cache-miss
328 http fetch GET 200 https://registry.npmjs.org/better-result 224ms (cache miss)
329 silly packumentCache full:https://registry.npmjs.org/better-result set size:undefined disposed:false
330 silly fetch manifest proper-lockfile@^4.1.2
331 silly packumentCache full:https://registry.npmjs.org/proper-lockfile cache-miss
332 http cache https://registry.npmjs.org/proper-lockfile 2ms (cache hit)
333 silly packumentCache full:https://registry.npmjs.org/proper-lockfile set size:82421 disposed:false
334 silly fetch manifest cross-spawn@^7.0.6
335 silly packumentCache full:https://registry.npmjs.org/cross-spawn cache-miss
336 http fetch GET 200 https://registry.npmjs.org/cross-spawn 216ms (cache miss)
337 silly packumentCache full:https://registry.npmjs.org/cross-spawn set size:undefined disposed:false
338 silly fetch manifest signal-exit@^4.0.1
339 silly packumentCache full:https://registry.npmjs.org/signal-exit cache-miss
340 http fetch GET 200 https://registry.npmjs.org/signal-exit 205ms (cache miss)
341 silly packumentCache full:https://registry.npmjs.org/signal-exit set size:undefined disposed:false
342 silly fetch manifest graceful-fs@^4.2.4
343 silly packumentCache full:https://registry.npmjs.org/graceful-fs cache-miss
344 http fetch GET 200 https://registry.npmjs.org/graceful-fs 206ms (cache miss)
345 silly packumentCache full:https://registry.npmjs.org/graceful-fs set size:undefined disposed:false
346 silly fetch manifest retry@^0.12.0
347 silly packumentCache full:https://registry.npmjs.org/retry cache-miss
348 http fetch GET 200 https://registry.npmjs.org/retry 205ms (cache miss)
349 silly packumentCache full:https://registry.npmjs.org/retry set size:undefined disposed:false
350 silly fetch manifest signal-exit@^3.0.2
351 silly packumentCache full:https://registry.npmjs.org/signal-exit cache-miss
352 http cache https://registry.npmjs.org/signal-exit 1ms (cache hit)
353 silly packumentCache full:https://registry.npmjs.org/signal-exit set size:53489 disposed:false
354 silly fetch manifest grammex@^3.1.11
355 silly packumentCache full:https://registry.npmjs.org/grammex cache-miss
356 http fetch GET 200 https://registry.npmjs.org/grammex 197ms (cache miss)
357 silly packumentCache full:https://registry.npmjs.org/grammex set size:undefined disposed:false
358 silly fetch manifest graphmatch@^1.1.0
359 silly packumentCache full:https://registry.npmjs.org/graphmatch cache-miss
360 http fetch GET 200 https://registry.npmjs.org/graphmatch 212ms (cache miss)
361 silly packumentCache full:https://registry.npmjs.org/graphmatch set size:undefined disposed:false
362 silly placeDep ROOT @prisma/debug@7.8.0 OK for: @prisma/engines@7.8.0 want: 7.8.0
363 silly placeDep ROOT @prisma/engines-version@7.8.0-6.3c6e192761c0362d496ed980de936e2f3cebcd3a OK for: @prisma/engines@7.8.0 want: 7.8.0-6.3c6e192761c0362d496ed980de936e2f3cebcd3a
364 silly placeDep ROOT @prisma/fetch-engine@7.8.0 OK for: @prisma/engines@7.8.0 want: 7.8.0
365 silly placeDep node_modules/@prisma/engines @prisma/get-platform@7.8.0 OK for: @prisma/engines@7.8.0 want: 7.8.0
366 silly placeDep node_modules/@prisma/fetch-engine @prisma/get-platform@7.8.0 OK for: @prisma/fetch-engine@7.8.0 want: 7.8.0
367 silly placeDep node_modules/@prisma/get-platform @prisma/debug@7.2.0 OK for: @prisma/get-platform@7.2.0 want: 7.2.0
368 silly placeDep ROOT ajv@8.20.0 OK for: @prisma/streams-local@0.1.2 want: ^8.12.0
369 silly placeDep ROOT better-result@2.9.2 OK for: @prisma/streams-local@0.1.2 want: ^2.7.0
370 silly placeDep ROOT env-paths@3.0.0 OK for: @prisma/streams-local@0.1.2 want: ^3.0.0
371 silly fetch manifest fast-deep-equal@^3.1.3
372 silly packumentCache full:https://registry.npmjs.org/fast-deep-equal cache-miss
373 http fetch GET 200 https://registry.npmjs.org/fast-deep-equal 196ms (cache miss)
374 silly packumentCache full:https://registry.npmjs.org/fast-deep-equal set size:undefined disposed:false
375 silly fetch manifest fast-uri@^3.0.1
376 silly packumentCache full:https://registry.npmjs.org/fast-uri cache-miss
377 http fetch GET 200 https://registry.npmjs.org/fast-uri 193ms (cache miss)
378 silly packumentCache full:https://registry.npmjs.org/fast-uri set size:undefined disposed:false
379 silly fetch manifest json-schema-traverse@^1.0.0
380 silly packumentCache full:https://registry.npmjs.org/json-schema-traverse cache-miss
381 http fetch GET 200 https://registry.npmjs.org/json-schema-traverse 217ms (cache miss)
382 silly packumentCache full:https://registry.npmjs.org/json-schema-traverse set size:undefined disposed:false
383 silly fetch manifest require-from-string@^2.0.2
384 silly packumentCache full:https://registry.npmjs.org/require-from-string cache-miss
385 http fetch GET 200 https://registry.npmjs.org/require-from-string 195ms (cache miss)
386 silly packumentCache full:https://registry.npmjs.org/require-from-string set size:undefined disposed:false
387 silly fetch manifest @types/react-dom@*
388 silly packumentCache full:https://registry.npmjs.org/@types%2freact-dom cache-miss
389 http fetch GET 200 https://registry.npmjs.org/@types%2freact-dom 421ms (cache miss)
390 silly packumentCache full:https://registry.npmjs.org/@types%2freact-dom set size:undefined disposed:false
391 silly placeDep ROOT @radix-ui/react-toggle@1.1.10 OK for: @prisma/studio-core@0.27.3 want: 1.1.10
392 silly placeDep ROOT chart.js@4.5.1 OK for: @prisma/studio-core@0.27.3 want: 4.5.1
393 silly fetch manifest @radix-ui/primitive@1.1.3
394 silly packumentCache full:https://registry.npmjs.org/@radix-ui%2fprimitive cache-miss
395 http fetch GET 200 https://registry.npmjs.org/@radix-ui%2fprimitive 439ms (cache miss)
396 silly packumentCache full:https://registry.npmjs.org/@radix-ui%2fprimitive set size:undefined disposed:false
397 silly fetch manifest @radix-ui/react-primitive@2.1.3
398 silly packumentCache full:https://registry.npmjs.org/@radix-ui%2freact-primitive cache-miss
399 http fetch GET 200 https://registry.npmjs.org/@radix-ui%2freact-primitive 404ms (cache miss)
400 silly packumentCache full:https://registry.npmjs.org/@radix-ui%2freact-primitive set size:undefined disposed:false
401 silly fetch manifest @radix-ui/react-use-controllable-state@1.2.2
402 silly packumentCache full:https://registry.npmjs.org/@radix-ui%2freact-use-controllable-state cache-miss
403 http fetch GET 200 https://registry.npmjs.org/@radix-ui%2freact-use-controllable-state 379ms (cache miss)
404 silly packumentCache full:https://registry.npmjs.org/@radix-ui%2freact-use-controllable-state set size:undefined disposed:false
405 silly fetch manifest @kurkle/color@^0.3.0
406 silly packumentCache full:https://registry.npmjs.org/@kurkle%2fcolor cache-miss
407 http fetch GET 200 https://registry.npmjs.org/@kurkle%2fcolor 442ms (cache miss)
408 silly packumentCache full:https://registry.npmjs.org/@kurkle%2fcolor set size:undefined disposed:false
409 silly fetch manifest @types/react@*
410 silly packumentCache full:https://registry.npmjs.org/@types%2freact cache-miss
411 http cache https://registry.npmjs.org/@types%2freact 7ms (cache hit)
412 silly packumentCache full:https://registry.npmjs.org/@types%2freact set size:2607900 disposed:false
413 silly fetch manifest react@^16.8 || ^17.0 || ^18.0 || ^19.0 || ^19.0.0-rc
414 silly packumentCache full:https://registry.npmjs.org/react cache-miss
415 http cache https://registry.npmjs.org/react 11ms (cache hit)
416 silly packumentCache full:https://registry.npmjs.org/react set size:6650647 disposed:false
417 silly fetch manifest react-dom@^16.8 || ^17.0 || ^18.0 || ^19.0 || ^19.0.0-rc
418 silly packumentCache full:https://registry.npmjs.org/react-dom cache-miss
419 http cache https://registry.npmjs.org/react-dom 16ms (cache hit)
420 silly packumentCache full:https://registry.npmjs.org/react-dom set size:8868827 disposed:false
421 silly placeDep ROOT @radix-ui/primitive@1.1.3 OK for: @radix-ui/react-toggle@1.1.10 want: 1.1.3
422 silly placeDep ROOT @radix-ui/react-primitive@2.1.3 OK for: @radix-ui/react-toggle@1.1.10 want: 2.1.3
423 silly placeDep ROOT @radix-ui/react-use-controllable-state@1.2.2 OK for: @radix-ui/react-toggle@1.1.10 want: 1.2.2
424 silly fetch manifest @radix-ui/react-slot@1.2.3
425 silly packumentCache full:https://registry.npmjs.org/@radix-ui%2freact-slot cache-miss
426 http fetch GET 200 https://registry.npmjs.org/@radix-ui%2freact-slot 381ms (cache miss)
427 silly packumentCache full:https://registry.npmjs.org/@radix-ui%2freact-slot set size:undefined disposed:false
428 silly fetch manifest @radix-ui/react-use-effect-event@0.0.2
429 silly packumentCache full:https://registry.npmjs.org/@radix-ui%2freact-use-effect-event cache-miss
430 http fetch GET 200 https://registry.npmjs.org/@radix-ui%2freact-use-effect-event 450ms (cache miss)
431 silly packumentCache full:https://registry.npmjs.org/@radix-ui%2freact-use-effect-event set size:undefined disposed:false
432 silly fetch manifest @radix-ui/react-use-layout-effect@1.1.1
433 silly packumentCache full:https://registry.npmjs.org/@radix-ui%2freact-use-layout-effect cache-miss
434 http fetch GET 200 https://registry.npmjs.org/@radix-ui%2freact-use-layout-effect 466ms (cache miss)
435 silly packumentCache full:https://registry.npmjs.org/@radix-ui%2freact-use-layout-effect set size:undefined disposed:false
436 silly placeDep ROOT @radix-ui/react-slot@1.2.3 OK for: @radix-ui/react-primitive@2.1.3 want: 1.2.3
437 silly fetch manifest @radix-ui/react-compose-refs@1.1.2
438 silly packumentCache full:https://registry.npmjs.org/@radix-ui%2freact-compose-refs cache-miss
439 http fetch GET 200 https://registry.npmjs.org/@radix-ui%2freact-compose-refs 433ms (cache miss)
440 silly packumentCache full:https://registry.npmjs.org/@radix-ui%2freact-compose-refs set size:undefined disposed:false
441 silly placeDep ROOT @radix-ui/react-compose-refs@1.1.2 OK for: @radix-ui/react-slot@1.2.3 want: 1.1.2
442 silly placeDep ROOT @radix-ui/react-use-effect-event@0.0.2 OK for: @radix-ui/react-use-controllable-state@1.2.2 want: 0.0.2
443 silly placeDep ROOT @radix-ui/react-use-layout-effect@1.1.1 OK for: @radix-ui/react-use-controllable-state@1.2.2 want: 1.1.1
444 silly placeDep ROOT csstype@3.2.3 OK for: @types/react@19.2.15 want: ^3.2.2
445 silly placeDep ROOT fast-deep-equal@3.1.3 OK for: ajv@8.20.0 want: ^3.1.3
446 silly placeDep ROOT fast-uri@3.1.2 OK for: ajv@8.20.0 want: ^3.0.1
447 silly placeDep ROOT json-schema-traverse@1.0.0 OK for: ajv@8.20.0 want: ^1.0.0
448 silly placeDep ROOT require-from-string@2.0.2 OK for: ajv@8.20.0 want: ^2.0.2
449 silly placeDep ROOT chokidar@5.0.0 OK for: c12@3.3.4 want: ^5.0.0
450 silly placeDep ROOT confbox@0.2.4 OK for: c12@3.3.4 want: ^0.2.4
451 silly placeDep ROOT defu@6.1.7 OK for: c12@3.3.4 want: ^6.1.6
452 silly placeDep ROOT dotenv@17.4.2 OK for: c12@3.3.4 want: ^17.3.1
453 silly placeDep ROOT exsolve@1.0.8 OK for: c12@3.3.4 want: ^1.0.8
454 silly placeDep ROOT giget@3.2.0 OK for: c12@3.3.4 want: ^3.2.0
455 silly placeDep ROOT jiti@2.7.0 OK for: c12@3.3.4 want: ^2.6.1
456 silly placeDep ROOT ohash@2.0.11 OK for: c12@3.3.4 want: ^2.0.11
457 silly placeDep ROOT perfect-debounce@2.1.0 OK for: c12@3.3.4 want: ^2.1.0
458 silly placeDep ROOT pkg-types@2.3.1 OK for: c12@3.3.4 want: ^2.3.0
459 silly placeDep ROOT rc9@3.0.1 OK for: c12@3.3.4 want: ^3.0.1
460 silly fetch manifest readdirp@^5.0.0
461 silly packumentCache full:https://registry.npmjs.org/readdirp cache-miss
462 http fetch GET 200 https://registry.npmjs.org/readdirp 217ms (cache miss)
463 silly packumentCache full:https://registry.npmjs.org/readdirp set size:undefined disposed:false
464 silly fetch manifest destr@^2.0.5
465 silly packumentCache full:https://registry.npmjs.org/destr cache-miss
466 http fetch GET 200 https://registry.npmjs.org/destr 212ms (cache miss)
467 silly packumentCache full:https://registry.npmjs.org/destr set size:undefined disposed:false
468 silly placeDep ROOT @kurkle/color@0.3.4 OK for: chart.js@4.5.1 want: ^0.3.0
469 silly placeDep ROOT readdirp@5.0.0 OK for: chokidar@5.0.0 want: ^5.0.0
470 silly placeDep ROOT @standard-schema/spec@1.1.0 OK for: effect@3.20.0 want: ^1.0.0
471 silly placeDep ROOT fast-check@3.23.2 OK for: effect@3.20.0 want: ^3.23.1
472 silly fetch manifest pure-rand@^6.1.0
473 silly packumentCache full:https://registry.npmjs.org/pure-rand cache-miss
474 http fetch GET 200 https://registry.npmjs.org/pure-rand 224ms (cache miss)
475 silly packumentCache full:https://registry.npmjs.org/pure-rand set size:undefined disposed:false
476 silly placeDep ROOT pure-rand@6.1.0 OK for: fast-check@3.23.2 want: ^6.1.0
477 silly placeDep ROOT cross-spawn@7.0.6 OK for: foreground-child@3.3.1 want: ^7.0.6
478 silly placeDep ROOT signal-exit@4.1.0 OK for: foreground-child@3.3.1 want: ^4.0.1
479 silly fetch manifest which@^2.0.1
480 silly packumentCache full:https://registry.npmjs.org/which cache-miss
481 http fetch GET 200 https://registry.npmjs.org/which 221ms (cache miss)
482 silly packumentCache full:https://registry.npmjs.org/which set size:undefined disposed:false
483 silly fetch manifest path-key@^3.1.0
484 silly packumentCache full:https://registry.npmjs.org/path-key cache-miss
485 http fetch GET 200 https://registry.npmjs.org/path-key 208ms (cache miss)
486 silly packumentCache full:https://registry.npmjs.org/path-key set size:undefined disposed:false
487 silly fetch manifest shebang-command@^2.0.0
488 silly packumentCache full:https://registry.npmjs.org/shebang-command cache-miss
489 http fetch GET 200 https://registry.npmjs.org/shebang-command 219ms (cache miss)
490 silly packumentCache full:https://registry.npmjs.org/shebang-command set size:undefined disposed:false
491 silly placeDep ROOT path-key@3.1.1 OK for: cross-spawn@7.0.6 want: ^3.1.0
492 silly placeDep ROOT shebang-command@2.0.0 OK for: cross-spawn@7.0.6 want: ^2.0.0
493 silly placeDep ROOT which@2.0.2 OK for: cross-spawn@7.0.6 want: ^2.0.1
494 silly fetch manifest shebang-regex@^3.0.0
495 silly packumentCache full:https://registry.npmjs.org/shebang-regex cache-miss
496 http fetch GET 200 https://registry.npmjs.org/shebang-regex 225ms (cache miss)
497 silly packumentCache full:https://registry.npmjs.org/shebang-regex set size:undefined disposed:false
498 silly fetch manifest isexe@^2.0.0
499 silly packumentCache full:https://registry.npmjs.org/isexe cache-miss
500 http fetch GET 200 https://registry.npmjs.org/isexe 207ms (cache miss)
501 silly packumentCache full:https://registry.npmjs.org/isexe set size:undefined disposed:false
502 silly placeDep ROOT aws-ssl-profiles@1.1.2 OK for: mysql2@3.15.3 want: ^1.1.1
503 silly placeDep ROOT denque@2.1.0 OK for: mysql2@3.15.3 want: ^2.1.0
504 silly placeDep ROOT generate-function@2.3.1 OK for: mysql2@3.15.3 want: ^2.3.1
505 silly placeDep ROOT iconv-lite@0.7.2 OK for: mysql2@3.15.3 want: ^0.7.0
506 silly placeDep ROOT long@5.3.2 OK for: mysql2@3.15.3 want: ^5.2.1
507 silly placeDep ROOT lru.min@1.1.4 OK for: mysql2@3.15.3 want: ^1.0.0
508 silly placeDep ROOT named-placeholders@1.1.6 OK for: mysql2@3.15.3 want: ^1.1.3
509 silly placeDep ROOT seq-queue@0.0.5 OK for: mysql2@3.15.3 want: ^0.0.5
510 silly placeDep ROOT sqlstring@2.3.3 OK for: mysql2@3.15.3 want: ^2.3.2
511 silly fetch manifest is-property@^1.0.2
512 silly packumentCache full:https://registry.npmjs.org/is-property cache-miss
513 http fetch GET 200 https://registry.npmjs.org/is-property 29ms (cache miss)
514 silly packumentCache full:https://registry.npmjs.org/is-property set size:undefined disposed:false
515 silly fetch manifest safer-buffer@>= 2.1.2 < 3.0.0
516 silly packumentCache full:https://registry.npmjs.org/safer-buffer cache-miss
517 http fetch GET 200 https://registry.npmjs.org/safer-buffer 219ms (cache miss)
518 silly packumentCache full:https://registry.npmjs.org/safer-buffer set size:undefined disposed:false
519 silly placeDep ROOT is-property@1.0.2 OK for: generate-function@2.3.1 want: ^1.0.2
520 silly placeDep ROOT safer-buffer@2.1.2 OK for: iconv-lite@0.7.2 want: >= 2.1.2 < 3.0.0
521 silly placeDep ROOT graceful-fs@4.2.11 OK for: proper-lockfile@4.1.2 want: ^4.2.4
522 silly placeDep ROOT retry@0.12.0 OK for: proper-lockfile@4.1.2 want: ^0.12.0
523 silly placeDep node_modules/proper-lockfile signal-exit@3.0.7 OK for: proper-lockfile@4.1.2 want: ^3.0.2
524 silly placeDep ROOT destr@2.0.5 OK for: rc9@3.0.1 want: ^2.0.5
525 silly placeDep ROOT scheduler@0.27.0 OK for: react-dom@19.2.6 want: ^0.27.0
526 silly placeDep ROOT shebang-regex@3.0.0 OK for: shebang-command@2.0.0 want: ^3.0.0
527 silly placeDep ROOT isexe@2.0.0 OK for: which@2.0.2 want: ^2.0.0
528 silly placeDep ROOT grammex@3.1.12 OK for: zeptomatch@2.1.0 want: ^3.1.11
529 silly placeDep ROOT graphmatch@1.1.1 OK for: zeptomatch@2.1.0 want: ^1.1.0
530 silly reify moves {}
531 silly audit bulk request {
531 silly audit   prisma: [ '7.8.0' ],
531 silly audit   '@prisma/config': [ '7.8.0' ],
531 silly audit   '@prisma/dev': [ '0.24.3' ],
531 silly audit   '@prisma/engines': [ '7.8.0' ],
531 silly audit   '@prisma/studio-core': [ '0.27.3' ],
531 silly audit   react: [ '19.2.6' ],
531 silly audit   'react-dom': [ '19.2.6' ],
531 silly audit   '@types/react': [ '19.2.15' ],
531 silly audit   mysql2: [ '3.15.3' ],
531 silly audit   postgres: [ '3.4.7' ],
531 silly audit   c12: [ '3.3.4' ],
531 silly audit   'deepmerge-ts': [ '7.1.5' ],
531 silly audit   effect: [ '3.20.0' ],
531 silly audit   empathic: [ '2.0.0' ],
531 silly audit   '@electric-sql/pglite': [ '0.4.1' ],
531 silly audit   '@electric-sql/pglite-socket': [ '0.1.1' ],
531 silly audit   '@electric-sql/pglite-tools': [ '0.3.1' ],
531 silly audit   '@hono/node-server': [ '1.19.11' ],
531 silly audit   hono: [ '4.12.22' ],
531 silly audit   '@prisma/get-platform': [ '7.2.0', '7.8.0' ],
531 silly audit   '@prisma/query-plan-executor': [ '7.2.0' ],
531 silly audit   '@prisma/streams-local': [ '0.1.2' ],
531 silly audit   'foreground-child': [ '3.3.1' ],
531 silly audit   'get-port-please': [ '3.2.0' ],
531 silly audit   'http-status-codes': [ '2.3.0' ],
531 silly audit   pathe: [ '2.0.3' ],
531 silly audit   'proper-lockfile': [ '4.1.2' ],
531 silly audit   remeda: [ '2.33.4' ],
531 silly audit   'std-env': [ '3.10.0' ],
531 silly audit   valibot: [ '1.2.0' ],
531 silly audit   zeptomatch: [ '2.1.0' ],
531 silly audit   '@prisma/debug': [ '7.8.0', '7.2.0' ],
531 silly audit   '@prisma/engines-version': [ '7.8.0-6.3c6e192761c0362d496ed980de936e2f3cebcd3a' ],
531 silly audit   '@prisma/fetch-engine': [ '7.8.0' ],
531 silly audit   ajv: [ '8.20.0' ],
531 silly audit   'better-result': [ '2.9.2' ],
531 silly audit   'env-paths': [ '3.0.0' ],
531 silly audit   '@radix-ui/react-toggle': [ '1.1.10' ],
531 silly audit   'chart.js': [ '4.5.1' ],
531 silly audit   '@radix-ui/primitive': [ '1.1.3' ],
531 silly audit   '@radix-ui/react-primitive': [ '2.1.3' ],
531 silly audit   '@radix-ui/react-use-controllable-state': [ '1.2.2' ],
531 silly audit   '@radix-ui/react-slot': [ '1.2.3' ],
531 silly audit   '@radix-ui/react-compose-refs': [ '1.1.2' ],
531 silly audit   '@radix-ui/react-use-effect-event': [ '0.0.2' ],
531 silly audit   '@radix-ui/react-use-layout-effect': [ '1.1.1' ],
531 silly audit   csstype: [ '3.2.3' ],
531 silly audit   'fast-deep-equal': [ '3.1.3' ],
531 silly audit   'fast-uri': [ '3.1.2' ],
531 silly audit   'json-schema-traverse': [ '1.0.0' ],
531 silly audit   'require-from-string': [ '2.0.2' ],
531 silly audit   chokidar: [ '5.0.0' ],
531 silly audit   confbox: [ '0.2.4' ],
531 silly audit   defu: [ '6.1.7' ],
531 silly audit   dotenv: [ '17.4.2' ],
531 silly audit   exsolve: [ '1.0.8' ],
531 silly audit   giget: [ '3.2.0' ],
531 silly audit   jiti: [ '2.7.0' ],
531 silly audit   ohash: [ '2.0.11' ],
531 silly audit   'perfect-debounce': [ '2.1.0' ],
531 silly audit   'pkg-types': [ '2.3.1' ],
531 silly audit   rc9: [ '3.0.1' ],
531 silly audit   '@kurkle/color': [ '0.3.4' ],
531 silly audit   readdirp: [ '5.0.0' ],
531 silly audit   '@standard-schema/spec': [ '1.1.0' ],
531 silly audit   'fast-check': [ '3.23.2' ],
531 silly audit   'pure-rand': [ '6.1.0' ],
531 silly audit   'cross-spawn': [ '7.0.6' ],
531 silly audit   'signal-exit': [ '4.1.0', '3.0.7' ],
531 silly audit   'path-key': [ '3.1.1' ],
531 silly audit   'shebang-command': [ '2.0.0' ],
531 silly audit   which: [ '2.0.2' ],
531 silly audit   'aws-ssl-profiles': [ '1.1.2' ],
531 silly audit   denque: [ '2.1.0' ],
531 silly audit   'generate-function': [ '2.3.1' ],
531 silly audit   'iconv-lite': [ '0.7.2' ],
531 silly audit   long: [ '5.3.2' ],
531 silly audit   'lru.min': [ '1.1.4' ],
531 silly audit   'named-placeholders': [ '1.1.6' ],
531 silly audit   'seq-queue': [ '0.0.5' ],
531 silly audit   sqlstring: [ '2.3.3' ],
531 silly audit   'is-property': [ '1.0.2' ],
531 silly audit   'safer-buffer': [ '2.1.2' ],
531 silly audit   'graceful-fs': [ '4.2.11' ],
531 silly audit   retry: [ '0.12.0' ],
531 silly audit   destr: [ '2.0.5' ],
531 silly audit   scheduler: [ '0.27.0' ],
531 silly audit   'shebang-regex': [ '3.0.0' ],
531 silly audit   isexe: [ '2.0.0' ],
531 silly audit   grammex: [ '3.1.12' ],
531 silly audit   graphmatch: [ '1.1.1' ]
531 silly audit }
532 http cache graphmatch@https://registry.npmjs.org/graphmatch/-/graphmatch-1.1.1.tgz 0ms (cache hit)
533 http cache grammex@https://registry.npmjs.org/grammex/-/grammex-3.1.12.tgz 0ms (cache hit)
534 http cache isexe@https://registry.npmjs.org/isexe/-/isexe-2.0.0.tgz 0ms (cache hit)
535 http cache shebang-regex@https://registry.npmjs.org/shebang-regex/-/shebang-regex-3.0.0.tgz 0ms (cache hit)
536 http cache scheduler@https://registry.npmjs.org/scheduler/-/scheduler-0.27.0.tgz 0ms (cache hit)
537 http cache destr@https://registry.npmjs.org/destr/-/destr-2.0.5.tgz 0ms (cache hit)
538 http cache retry@https://registry.npmjs.org/retry/-/retry-0.12.0.tgz 0ms (cache hit)
539 http cache graceful-fs@https://registry.npmjs.org/graceful-fs/-/graceful-fs-4.2.11.tgz 0ms (cache hit)
540 http cache safer-buffer@https://registry.npmjs.org/safer-buffer/-/safer-buffer-2.1.2.tgz 0ms (cache hit)
541 http cache is-property@https://registry.npmjs.org/is-property/-/is-property-1.0.2.tgz 0ms (cache hit)
542 http cache seq-queue@https://registry.npmjs.org/seq-queue/-/seq-queue-0.0.5.tgz 0ms (cache hit)
543 http cache lru.min@https://registry.npmjs.org/lru.min/-/lru.min-1.1.4.tgz 0ms (cache hit)
544 http cache named-placeholders@https://registry.npmjs.org/named-placeholders/-/named-placeholders-1.1.6.tgz 0ms (cache hit)
545 http cache long@https://registry.npmjs.org/long/-/long-5.3.2.tgz 0ms (cache hit)
546 http cache iconv-lite@https://registry.npmjs.org/iconv-lite/-/iconv-lite-0.7.2.tgz 0ms (cache hit)
547 http cache denque@https://registry.npmjs.org/denque/-/denque-2.1.0.tgz 0ms (cache hit)
548 http cache generate-function@https://registry.npmjs.org/generate-function/-/generate-function-2.3.1.tgz 0ms (cache hit)
549 http cache aws-ssl-profiles@https://registry.npmjs.org/aws-ssl-profiles/-/aws-ssl-profiles-1.1.2.tgz 0ms (cache hit)
550 http cache shebang-command@https://registry.npmjs.org/shebang-command/-/shebang-command-2.0.0.tgz 0ms (cache hit)
551 http cache which@https://registry.npmjs.org/which/-/which-2.0.2.tgz 0ms (cache hit)
552 http cache path-key@https://registry.npmjs.org/path-key/-/path-key-3.1.1.tgz 0ms (cache hit)
553 http cache signal-exit@https://registry.npmjs.org/signal-exit/-/signal-exit-4.1.0.tgz 0ms (cache hit)
554 http cache cross-spawn@https://registry.npmjs.org/cross-spawn/-/cross-spawn-7.0.6.tgz 0ms (cache hit)
555 http cache pure-rand@https://registry.npmjs.org/pure-rand/-/pure-rand-6.1.0.tgz 0ms (cache hit)
556 http cache fast-check@https://registry.npmjs.org/fast-check/-/fast-check-3.23.2.tgz 0ms (cache hit)
557 http cache @standard-schema/spec@https://registry.npmjs.org/@standard-schema/spec/-/spec-1.1.0.tgz 0ms (cache hit)
558 http cache readdirp@https://registry.npmjs.org/readdirp/-/readdirp-5.0.0.tgz 0ms (cache hit)
559 http cache rc9@https://registry.npmjs.org/rc9/-/rc9-3.0.1.tgz 0ms (cache hit)
560 http cache @kurkle/color@https://registry.npmjs.org/@kurkle/color/-/color-0.3.4.tgz 0ms (cache hit)
561 http cache pkg-types@https://registry.npmjs.org/pkg-types/-/pkg-types-2.3.1.tgz 0ms (cache hit)
562 http cache perfect-debounce@https://registry.npmjs.org/perfect-debounce/-/perfect-debounce-2.1.0.tgz 0ms (cache hit)
563 http cache ohash@https://registry.npmjs.org/ohash/-/ohash-2.0.11.tgz 0ms (cache hit)
564 http cache jiti@https://registry.npmjs.org/jiti/-/jiti-2.7.0.tgz 0ms (cache hit)
565 http cache exsolve@https://registry.npmjs.org/exsolve/-/exsolve-1.0.8.tgz 0ms (cache hit)
566 http cache dotenv@https://registry.npmjs.org/dotenv/-/dotenv-17.4.2.tgz 0ms (cache hit)
567 http cache defu@https://registry.npmjs.org/defu/-/defu-6.1.7.tgz 0ms (cache hit)
568 http cache giget@https://registry.npmjs.org/giget/-/giget-3.2.0.tgz 0ms (cache hit)
569 http cache chokidar@https://registry.npmjs.org/chokidar/-/chokidar-5.0.0.tgz 0ms (cache hit)
570 http cache confbox@https://registry.npmjs.org/confbox/-/confbox-0.2.4.tgz 0ms (cache hit)
571 http cache require-from-string@https://registry.npmjs.org/require-from-string/-/require-from-string-2.0.2.tgz 0ms (cache hit)
572 http cache json-schema-traverse@https://registry.npmjs.org/json-schema-traverse/-/json-schema-traverse-1.0.0.tgz 0ms (cache hit)
573 http cache fast-uri@https://registry.npmjs.org/fast-uri/-/fast-uri-3.1.2.tgz 0ms (cache hit)
574 http cache fast-deep-equal@https://registry.npmjs.org/fast-deep-equal/-/fast-deep-equal-3.1.3.tgz 0ms (cache hit)
575 http cache csstype@https://registry.npmjs.org/csstype/-/csstype-3.2.3.tgz 0ms (cache hit)
576 http cache @radix-ui/react-use-effect-event@https://registry.npmjs.org/@radix-ui/react-use-effect-event/-/react-use-effect-event-0.0.2.tgz 0ms (cache hit)
577 http cache @radix-ui/react-compose-refs@https://registry.npmjs.org/@radix-ui/react-compose-refs/-/react-compose-refs-1.1.2.tgz 0ms (cache hit)
578 http cache @radix-ui/react-use-layout-effect@https://registry.npmjs.org/@radix-ui/react-use-layout-effect/-/react-use-layout-effect-1.1.1.tgz 0ms (cache hit)
579 http cache @radix-ui/react-slot@https://registry.npmjs.org/@radix-ui/react-slot/-/react-slot-1.2.3.tgz 0ms (cache hit)
580 http cache @radix-ui/react-use-controllable-state@https://registry.npmjs.org/@radix-ui/react-use-controllable-state/-/react-use-controllable-state-1.2.2.tgz 0ms (cache hit)
581 http cache @radix-ui/react-primitive@https://registry.npmjs.org/@radix-ui/react-primitive/-/react-primitive-2.1.3.tgz 0ms (cache hit)
582 http cache @radix-ui/primitive@https://registry.npmjs.org/@radix-ui/primitive/-/primitive-1.1.3.tgz 0ms (cache hit)
583 http cache chart.js@https://registry.npmjs.org/chart.js/-/chart.js-4.5.1.tgz 0ms (cache hit)
584 http cache env-paths@https://registry.npmjs.org/env-paths/-/env-paths-3.0.0.tgz 0ms (cache hit)
585 http cache @radix-ui/react-toggle@https://registry.npmjs.org/@radix-ui/react-toggle/-/react-toggle-1.1.10.tgz 0ms (cache hit)
586 http cache better-result@https://registry.npmjs.org/better-result/-/better-result-2.9.2.tgz 0ms (cache hit)
587 http cache ajv@https://registry.npmjs.org/ajv/-/ajv-8.20.0.tgz 0ms (cache hit)
588 http cache @prisma/fetch-engine@https://registry.npmjs.org/@prisma/fetch-engine/-/fetch-engine-7.8.0.tgz 0ms (cache hit)
589 http cache @prisma/engines-version@https://registry.npmjs.org/@prisma/engines-version/-/engines-version-7.8.0-6.3c6e192761c0362d496ed980de936e2f3cebcd3a.tgz 0ms (cache hit)
590 http cache valibot@https://registry.npmjs.org/valibot/-/valibot-1.2.0.tgz 0ms (cache hit)
591 http cache @prisma/debug@https://registry.npmjs.org/@prisma/debug/-/debug-7.8.0.tgz 0ms (cache hit)
592 http cache zeptomatch@https://registry.npmjs.org/zeptomatch/-/zeptomatch-2.1.0.tgz 0ms (cache hit)
593 http cache std-env@https://registry.npmjs.org/std-env/-/std-env-3.10.0.tgz 0ms (cache hit)
594 http cache remeda@https://registry.npmjs.org/remeda/-/remeda-2.33.4.tgz 0ms (cache hit)
595 http cache proper-lockfile@https://registry.npmjs.org/proper-lockfile/-/proper-lockfile-4.1.2.tgz 0ms (cache hit)
596 http cache pathe@https://registry.npmjs.org/pathe/-/pathe-2.0.3.tgz 0ms (cache hit)
597 http cache http-status-codes@https://registry.npmjs.org/http-status-codes/-/http-status-codes-2.3.0.tgz 0ms (cache hit)
598 http cache foreground-child@https://registry.npmjs.org/foreground-child/-/foreground-child-3.3.1.tgz 0ms (cache hit)
599 http cache get-port-please@https://registry.npmjs.org/get-port-please/-/get-port-please-3.2.0.tgz 0ms (cache hit)
600 http cache @prisma/streams-local@https://registry.npmjs.org/@prisma/streams-local/-/streams-local-0.1.2.tgz 0ms (cache hit)
601 http cache sqlstring@https://registry.npmjs.org/sqlstring/-/sqlstring-2.3.3.tgz 0ms (cache hit)
602 http cache @prisma/query-plan-executor@https://registry.npmjs.org/@prisma/query-plan-executor/-/query-plan-executor-7.2.0.tgz 0ms (cache hit)
603 http cache @prisma/get-platform@https://registry.npmjs.org/@prisma/get-platform/-/get-platform-7.2.0.tgz 0ms (cache hit)
604 http cache hono@https://registry.npmjs.org/hono/-/hono-4.12.22.tgz 0ms (cache hit)
605 http cache @hono/node-server@https://registry.npmjs.org/@hono/node-server/-/node-server-1.19.11.tgz 0ms (cache hit)
606 http cache @electric-sql/pglite-socket@https://registry.npmjs.org/@electric-sql/pglite-socket/-/pglite-socket-0.1.1.tgz 0ms (cache hit)
607 http cache @electric-sql/pglite-tools@https://registry.npmjs.org/@electric-sql/pglite-tools/-/pglite-tools-0.3.1.tgz 0ms (cache hit)
608 http cache @electric-sql/pglite@https://registry.npmjs.org/@electric-sql/pglite/-/pglite-0.4.1.tgz 0ms (cache hit)
609 http cache empathic@https://registry.npmjs.org/empathic/-/empathic-2.0.0.tgz 0ms (cache hit)
610 http cache effect@https://registry.npmjs.org/effect/-/effect-3.20.0.tgz 0ms (cache hit)
611 http cache deepmerge-ts@https://registry.npmjs.org/deepmerge-ts/-/deepmerge-ts-7.1.5.tgz 0ms (cache hit)
612 http cache c12@https://registry.npmjs.org/c12/-/c12-3.3.4.tgz 0ms (cache hit)
613 http cache postgres@https://registry.npmjs.org/postgres/-/postgres-3.4.7.tgz 0ms (cache hit)
614 http cache mysql2@https://registry.npmjs.org/mysql2/-/mysql2-3.15.3.tgz 0ms (cache hit)
615 http cache @types/react@https://registry.npmjs.org/@types/react/-/react-19.2.15.tgz 0ms (cache hit)
616 http cache react@https://registry.npmjs.org/react/-/react-19.2.6.tgz 0ms (cache hit)
617 http cache react-dom@https://registry.npmjs.org/react-dom/-/react-dom-19.2.6.tgz 0ms (cache hit)
618 http cache @prisma/studio-core@https://registry.npmjs.org/@prisma/studio-core/-/studio-core-0.27.3.tgz 0ms (cache hit)
619 http cache @prisma/engines@https://registry.npmjs.org/@prisma/engines/-/engines-7.8.0.tgz 0ms (cache hit)
620 http cache @prisma/dev@https://registry.npmjs.org/@prisma/dev/-/dev-0.24.3.tgz 0ms (cache hit)
621 http cache @prisma/config@https://registry.npmjs.org/@prisma/config/-/config-7.8.0.tgz 0ms (cache hit)
622 http cache prisma@https://registry.npmjs.org/prisma/-/prisma-7.8.0.tgz 0ms (cache hit)
623 http cache @prisma/get-platform@https://registry.npmjs.org/@prisma/get-platform/-/get-platform-7.8.0.tgz 0ms (cache hit)
624 http cache signal-exit@https://registry.npmjs.org/signal-exit/-/signal-exit-3.0.7.tgz 0ms (cache hit)
625 http cache @prisma/debug@https://registry.npmjs.org/@prisma/debug/-/debug-7.2.0.tgz 0ms (cache hit)
626 http cache @prisma/get-platform@https://registry.npmjs.org/@prisma/get-platform/-/get-platform-7.8.0.tgz 0ms (cache hit)
627 silly tarball no local data for graphmatch@https://registry.npmjs.org/graphmatch/-/graphmatch-1.1.1.tgz. Extracting by manifest.
628 silly tarball no local data for grammex@https://registry.npmjs.org/grammex/-/grammex-3.1.12.tgz. Extracting by manifest.
629 silly tarball no local data for isexe@https://registry.npmjs.org/isexe/-/isexe-2.0.0.tgz. Extracting by manifest.
630 silly tarball no local data for shebang-regex@https://registry.npmjs.org/shebang-regex/-/shebang-regex-3.0.0.tgz. Extracting by manifest.
631 silly tarball no local data for scheduler@https://registry.npmjs.org/scheduler/-/scheduler-0.27.0.tgz. Extracting by manifest.
632 silly tarball no local data for destr@https://registry.npmjs.org/destr/-/destr-2.0.5.tgz. Extracting by manifest.
633 silly tarball no local data for retry@https://registry.npmjs.org/retry/-/retry-0.12.0.tgz. Extracting by manifest.
634 silly tarball no local data for graceful-fs@https://registry.npmjs.org/graceful-fs/-/graceful-fs-4.2.11.tgz. Extracting by manifest.
635 silly tarball no local data for safer-buffer@https://registry.npmjs.org/safer-buffer/-/safer-buffer-2.1.2.tgz. Extracting by manifest.
636 silly tarball no local data for is-property@https://registry.npmjs.org/is-property/-/is-property-1.0.2.tgz. Extracting by manifest.
637 silly tarball no local data for seq-queue@https://registry.npmjs.org/seq-queue/-/seq-queue-0.0.5.tgz. Extracting by manifest.
638 silly tarball no local data for lru.min@https://registry.npmjs.org/lru.min/-/lru.min-1.1.4.tgz. Extracting by manifest.
639 silly tarball no local data for named-placeholders@https://registry.npmjs.org/named-placeholders/-/named-placeholders-1.1.6.tgz. Extracting by manifest.
640 silly tarball no local data for long@https://registry.npmjs.org/long/-/long-5.3.2.tgz. Extracting by manifest.
641 silly tarball no local data for iconv-lite@https://registry.npmjs.org/iconv-lite/-/iconv-lite-0.7.2.tgz. Extracting by manifest.
642 silly tarball no local data for denque@https://registry.npmjs.org/denque/-/denque-2.1.0.tgz. Extracting by manifest.
643 silly tarball no local data for generate-function@https://registry.npmjs.org/generate-function/-/generate-function-2.3.1.tgz. Extracting by manifest.
644 silly tarball no local data for aws-ssl-profiles@https://registry.npmjs.org/aws-ssl-profiles/-/aws-ssl-profiles-1.1.2.tgz. Extracting by manifest.
645 silly tarball no local data for shebang-command@https://registry.npmjs.org/shebang-command/-/shebang-command-2.0.0.tgz. Extracting by manifest.
646 silly tarball no local data for which@https://registry.npmjs.org/which/-/which-2.0.2.tgz. Extracting by manifest.
647 silly tarball no local data for path-key@https://registry.npmjs.org/path-key/-/path-key-3.1.1.tgz. Extracting by manifest.
648 silly tarball no local data for signal-exit@https://registry.npmjs.org/signal-exit/-/signal-exit-4.1.0.tgz. Extracting by manifest.
649 silly tarball no local data for cross-spawn@https://registry.npmjs.org/cross-spawn/-/cross-spawn-7.0.6.tgz. Extracting by manifest.
650 silly tarball no local data for pure-rand@https://registry.npmjs.org/pure-rand/-/pure-rand-6.1.0.tgz. Extracting by manifest.
651 silly tarball no local data for fast-check@https://registry.npmjs.org/fast-check/-/fast-check-3.23.2.tgz. Extracting by manifest.
652 silly tarball no local data for @standard-schema/spec@https://registry.npmjs.org/@standard-schema/spec/-/spec-1.1.0.tgz. Extracting by manifest.
653 silly tarball no local data for readdirp@https://registry.npmjs.org/readdirp/-/readdirp-5.0.0.tgz. Extracting by manifest.
654 silly tarball no local data for rc9@https://registry.npmjs.org/rc9/-/rc9-3.0.1.tgz. Extracting by manifest.
655 silly tarball no local data for @kurkle/color@https://registry.npmjs.org/@kurkle/color/-/color-0.3.4.tgz. Extracting by manifest.
656 silly tarball no local data for pkg-types@https://registry.npmjs.org/pkg-types/-/pkg-types-2.3.1.tgz. Extracting by manifest.
657 silly tarball no local data for perfect-debounce@https://registry.npmjs.org/perfect-debounce/-/perfect-debounce-2.1.0.tgz. Extracting by manifest.
658 silly tarball no local data for ohash@https://registry.npmjs.org/ohash/-/ohash-2.0.11.tgz. Extracting by manifest.
659 silly tarball no local data for jiti@https://registry.npmjs.org/jiti/-/jiti-2.7.0.tgz. Extracting by manifest.
660 silly tarball no local data for exsolve@https://registry.npmjs.org/exsolve/-/exsolve-1.0.8.tgz. Extracting by manifest.
661 silly tarball no local data for dotenv@https://registry.npmjs.org/dotenv/-/dotenv-17.4.2.tgz. Extracting by manifest.
662 silly tarball no local data for defu@https://registry.npmjs.org/defu/-/defu-6.1.7.tgz. Extracting by manifest.
663 silly tarball no local data for giget@https://registry.npmjs.org/giget/-/giget-3.2.0.tgz. Extracting by manifest.
664 silly tarball no local data for chokidar@https://registry.npmjs.org/chokidar/-/chokidar-5.0.0.tgz. Extracting by manifest.
665 silly tarball no local data for confbox@https://registry.npmjs.org/confbox/-/confbox-0.2.4.tgz. Extracting by manifest.
666 silly tarball no local data for require-from-string@https://registry.npmjs.org/require-from-string/-/require-from-string-2.0.2.tgz. Extracting by manifest.
667 silly tarball no local data for json-schema-traverse@https://registry.npmjs.org/json-schema-traverse/-/json-schema-traverse-1.0.0.tgz. Extracting by manifest.
668 silly tarball no local data for fast-uri@https://registry.npmjs.org/fast-uri/-/fast-uri-3.1.2.tgz. Extracting by manifest.
669 silly tarball no local data for fast-deep-equal@https://registry.npmjs.org/fast-deep-equal/-/fast-deep-equal-3.1.3.tgz. Extracting by manifest.
670 silly tarball no local data for csstype@https://registry.npmjs.org/csstype/-/csstype-3.2.3.tgz. Extracting by manifest.
671 silly tarball no local data for @radix-ui/react-use-effect-event@https://registry.npmjs.org/@radix-ui/react-use-effect-event/-/react-use-effect-event-0.0.2.tgz. Extracting by manifest.
672 silly tarball no local data for @radix-ui/react-compose-refs@https://registry.npmjs.org/@radix-ui/react-compose-refs/-/react-compose-refs-1.1.2.tgz. Extracting by manifest.
673 silly tarball no local data for @radix-ui/react-use-layout-effect@https://registry.npmjs.org/@radix-ui/react-use-layout-effect/-/react-use-layout-effect-1.1.1.tgz. Extracting by manifest.
674 silly tarball no local data for @radix-ui/react-slot@https://registry.npmjs.org/@radix-ui/react-slot/-/react-slot-1.2.3.tgz. Extracting by manifest.
675 silly tarball no local data for @radix-ui/react-use-controllable-state@https://registry.npmjs.org/@radix-ui/react-use-controllable-state/-/react-use-controllable-state-1.2.2.tgz. Extracting by manifest.
676 silly tarball no local data for @radix-ui/react-primitive@https://registry.npmjs.org/@radix-ui/react-primitive/-/react-primitive-2.1.3.tgz. Extracting by manifest.
677 silly tarball no local data for @radix-ui/primitive@https://registry.npmjs.org/@radix-ui/primitive/-/primitive-1.1.3.tgz. Extracting by manifest.
678 silly tarball no local data for chart.js@https://registry.npmjs.org/chart.js/-/chart.js-4.5.1.tgz. Extracting by manifest.
679 silly tarball no local data for env-paths@https://registry.npmjs.org/env-paths/-/env-paths-3.0.0.tgz. Extracting by manifest.
680 silly tarball no local data for @radix-ui/react-toggle@https://registry.npmjs.org/@radix-ui/react-toggle/-/react-toggle-1.1.10.tgz. Extracting by manifest.
681 silly tarball no local data for better-result@https://registry.npmjs.org/better-result/-/better-result-2.9.2.tgz. Extracting by manifest.
682 silly tarball no local data for ajv@https://registry.npmjs.org/ajv/-/ajv-8.20.0.tgz. Extracting by manifest.
683 silly tarball no local data for @prisma/fetch-engine@https://registry.npmjs.org/@prisma/fetch-engine/-/fetch-engine-7.8.0.tgz. Extracting by manifest.
684 silly tarball no local data for @prisma/engines-version@https://registry.npmjs.org/@prisma/engines-version/-/engines-version-7.8.0-6.3c6e192761c0362d496ed980de936e2f3cebcd3a.tgz. Extracting by manifest.
685 silly tarball no local data for valibot@https://registry.npmjs.org/valibot/-/valibot-1.2.0.tgz. Extracting by manifest.
686 silly tarball no local data for @prisma/debug@https://registry.npmjs.org/@prisma/debug/-/debug-7.8.0.tgz. Extracting by manifest.
687 silly tarball no local data for zeptomatch@https://registry.npmjs.org/zeptomatch/-/zeptomatch-2.1.0.tgz. Extracting by manifest.
688 silly tarball no local data for std-env@https://registry.npmjs.org/std-env/-/std-env-3.10.0.tgz. Extracting by manifest.
689 silly tarball no local data for remeda@https://registry.npmjs.org/remeda/-/remeda-2.33.4.tgz. Extracting by manifest.
690 silly tarball no local data for proper-lockfile@https://registry.npmjs.org/proper-lockfile/-/proper-lockfile-4.1.2.tgz. Extracting by manifest.
691 silly tarball no local data for pathe@https://registry.npmjs.org/pathe/-/pathe-2.0.3.tgz. Extracting by manifest.
692 silly tarball no local data for http-status-codes@https://registry.npmjs.org/http-status-codes/-/http-status-codes-2.3.0.tgz. Extracting by manifest.
693 silly tarball no local data for foreground-child@https://registry.npmjs.org/foreground-child/-/foreground-child-3.3.1.tgz. Extracting by manifest.
694 silly tarball no local data for get-port-please@https://registry.npmjs.org/get-port-please/-/get-port-please-3.2.0.tgz. Extracting by manifest.
695 silly tarball no local data for @prisma/streams-local@https://registry.npmjs.org/@prisma/streams-local/-/streams-local-0.1.2.tgz. Extracting by manifest.
696 silly tarball no local data for sqlstring@https://registry.npmjs.org/sqlstring/-/sqlstring-2.3.3.tgz. Extracting by manifest.
697 silly tarball no local data for @prisma/query-plan-executor@https://registry.npmjs.org/@prisma/query-plan-executor/-/query-plan-executor-7.2.0.tgz. Extracting by manifest.
698 silly tarball no local data for @prisma/get-platform@https://registry.npmjs.org/@prisma/get-platform/-/get-platform-7.2.0.tgz. Extracting by manifest.
699 silly tarball no local data for hono@https://registry.npmjs.org/hono/-/hono-4.12.22.tgz. Extracting by manifest.
700 silly tarball no local data for @hono/node-server@https://registry.npmjs.org/@hono/node-server/-/node-server-1.19.11.tgz. Extracting by manifest.
701 silly tarball no local data for @electric-sql/pglite-socket@https://registry.npmjs.org/@electric-sql/pglite-socket/-/pglite-socket-0.1.1.tgz. Extracting by manifest.
702 silly tarball no local data for @electric-sql/pglite-tools@https://registry.npmjs.org/@electric-sql/pglite-tools/-/pglite-tools-0.3.1.tgz. Extracting by manifest.
703 silly tarball no local data for @electric-sql/pglite@https://registry.npmjs.org/@electric-sql/pglite/-/pglite-0.4.1.tgz. Extracting by manifest.
704 silly tarball no local data for empathic@https://registry.npmjs.org/empathic/-/empathic-2.0.0.tgz. Extracting by manifest.
705 silly tarball no local data for effect@https://registry.npmjs.org/effect/-/effect-3.20.0.tgz. Extracting by manifest.
706 silly tarball no local data for deepmerge-ts@https://registry.npmjs.org/deepmerge-ts/-/deepmerge-ts-7.1.5.tgz. Extracting by manifest.
707 silly tarball no local data for c12@https://registry.npmjs.org/c12/-/c12-3.3.4.tgz. Extracting by manifest.
708 silly tarball no local data for postgres@https://registry.npmjs.org/postgres/-/postgres-3.4.7.tgz. Extracting by manifest.
709 silly tarball no local data for mysql2@https://registry.npmjs.org/mysql2/-/mysql2-3.15.3.tgz. Extracting by manifest.
710 silly tarball no local data for @types/react@https://registry.npmjs.org/@types/react/-/react-19.2.15.tgz. Extracting by manifest.
711 silly tarball no local data for react@https://registry.npmjs.org/react/-/react-19.2.6.tgz. Extracting by manifest.
712 silly tarball no local data for react-dom@https://registry.npmjs.org/react-dom/-/react-dom-19.2.6.tgz. Extracting by manifest.
713 silly tarball no local data for @prisma/studio-core@https://registry.npmjs.org/@prisma/studio-core/-/studio-core-0.27.3.tgz. Extracting by manifest.
714 silly tarball no local data for @prisma/engines@https://registry.npmjs.org/@prisma/engines/-/engines-7.8.0.tgz. Extracting by manifest.
715 silly tarball no local data for @prisma/dev@https://registry.npmjs.org/@prisma/dev/-/dev-0.24.3.tgz. Extracting by manifest.
716 silly tarball no local data for @prisma/config@https://registry.npmjs.org/@prisma/config/-/config-7.8.0.tgz. Extracting by manifest.
717 silly tarball no local data for prisma@https://registry.npmjs.org/prisma/-/prisma-7.8.0.tgz. Extracting by manifest.
718 silly tarball no local data for @prisma/get-platform@https://registry.npmjs.org/@prisma/get-platform/-/get-platform-7.8.0.tgz. Extracting by manifest.
719 silly tarball no local data for signal-exit@https://registry.npmjs.org/signal-exit/-/signal-exit-3.0.7.tgz. Extracting by manifest.
720 silly tarball no local data for @prisma/debug@https://registry.npmjs.org/@prisma/debug/-/debug-7.2.0.tgz. Extracting by manifest.
721 silly tarball no local data for @prisma/get-platform@https://registry.npmjs.org/@prisma/get-platform/-/get-platform-7.8.0.tgz. Extracting by manifest.
722 http fetch POST 200 https://registry.npmjs.org/-/npm/v1/security/advisories/bulk 206ms
723 silly audit report {
723 silly audit report   '@hono/node-server': [
723 silly audit report     {
723 silly audit report       id: 1116281,
723 silly audit report       url: 'https://github.com/advisories/GHSA-92pp-h63x-v22m',
723 silly audit report       title: '@hono/node-server: Middleware bypass via repeated slashes in serveStatic',
723 silly audit report       severity: 'moderate',
723 silly audit report       vulnerable_versions: '<1.19.13',
723 silly audit report       cwe: [Array],
723 silly audit report       cvss: [Object]
723 silly audit report     }
723 silly audit report   ]
723 silly audit report }
724 silly packumentCache corgi:https://registry.npmjs.org/@hono%2fnode-server cache-miss
725 http fetch GET 200 https://registry.npmjs.org/named-placeholders/-/named-placeholders-1.1.6.tgz 282ms (cache miss)
726 http fetch GET 200 https://registry.npmjs.org/is-property/-/is-property-1.0.2.tgz 296ms (cache miss)
727 http fetch GET 200 https://registry.npmjs.org/isexe/-/isexe-2.0.0.tgz 341ms (cache miss)
728 http fetch GET 200 https://registry.npmjs.org/graceful-fs/-/graceful-fs-4.2.11.tgz 345ms (cache miss)
729 http fetch GET 200 https://registry.npmjs.org/graphmatch/-/graphmatch-1.1.1.tgz 366ms (cache miss)
730 http fetch GET 200 https://registry.npmjs.org/destr/-/destr-2.0.5.tgz 388ms (cache miss)
731 http fetch GET 200 https://registry.npmjs.org/shebang-regex/-/shebang-regex-3.0.0.tgz 405ms (cache miss)
732 http fetch GET 200 https://registry.npmjs.org/shebang-command/-/shebang-command-2.0.0.tgz 408ms (cache miss)
733 http fetch GET 200 https://registry.npmjs.org/exsolve/-/exsolve-1.0.8.tgz 406ms (cache miss)
734 http fetch GET 200 https://registry.npmjs.org/generate-function/-/generate-function-2.3.1.tgz 413ms (cache miss)
735 http fetch GET 200 https://registry.npmjs.org/path-key/-/path-key-3.1.1.tgz 413ms (cache miss)
736 http fetch GET 200 https://registry.npmjs.org/lru.min/-/lru.min-1.1.4.tgz 418ms (cache miss)
737 http fetch GET 200 https://registry.npmjs.org/denque/-/denque-2.1.0.tgz 418ms (cache miss)
738 http fetch GET 200 https://registry.npmjs.org/which/-/which-2.0.2.tgz 418ms (cache miss)
739 http fetch GET 200 https://registry.npmjs.org/perfect-debounce/-/perfect-debounce-2.1.0.tgz 416ms (cache miss)
740 http fetch GET 200 https://registry.npmjs.org/require-from-string/-/require-from-string-2.0.2.tgz 424ms (cache miss)
741 http fetch GET 200 https://registry.npmjs.org/readdirp/-/readdirp-5.0.0.tgz 438ms (cache miss)
742 http fetch GET 200 https://registry.npmjs.org/fast-deep-equal/-/fast-deep-equal-3.1.3.tgz 435ms (cache miss)
743 http fetch GET 200 https://registry.npmjs.org/rc9/-/rc9-3.0.1.tgz 474ms (cache miss)
744 http fetch GET 200 https://registry.npmjs.org/@standard-schema/spec/-/spec-1.1.0.tgz 476ms (cache miss)
745 http fetch GET 200 https://registry.npmjs.org/safer-buffer/-/safer-buffer-2.1.2.tgz 495ms (cache miss)
746 http fetch GET 200 https://registry.npmjs.org/seq-queue/-/seq-queue-0.0.5.tgz 494ms (cache miss)
747 http fetch GET 200 https://registry.npmjs.org/defu/-/defu-6.1.7.tgz 491ms (cache miss)
748 http fetch GET 200 https://registry.npmjs.org/env-paths/-/env-paths-3.0.0.tgz 488ms (cache miss)
749 http fetch GET 200 https://registry.npmjs.org/grammex/-/grammex-3.1.12.tgz 505ms (cache miss)
750 http fetch GET 200 https://registry.npmjs.org/scheduler/-/scheduler-0.27.0.tgz 504ms (cache miss)
751 http fetch GET 200 https://registry.npmjs.org/@radix-ui/react-use-layout-effect/-/react-use-layout-effect-1.1.1.tgz 499ms (cache miss)
752 http fetch GET 200 https://registry.npmjs.org/@radix-ui/react-compose-refs/-/react-compose-refs-1.1.2.tgz 511ms (cache miss)
753 http fetch GET 200 https://registry.npmjs.org/@radix-ui/react-toggle/-/react-toggle-1.1.10.tgz 510ms (cache miss)
754 http fetch GET 200 https://registry.npmjs.org/pathe/-/pathe-2.0.3.tgz 509ms (cache miss)
755 http fetch GET 200 https://registry.npmjs.org/@radix-ui/react-primitive/-/react-primitive-2.1.3.tgz 525ms (cache miss)
756 http fetch GET 200 https://registry.npmjs.org/@radix-ui/react-slot/-/react-slot-1.2.3.tgz 542ms (cache miss)
757 http fetch GET 200 https://registry.npmjs.org/@radix-ui/react-use-controllable-state/-/react-use-controllable-state-1.2.2.tgz 556ms (cache miss)
758 http fetch GET 200 https://registry.npmjs.org/@radix-ui/primitive/-/primitive-1.1.3.tgz 557ms (cache miss)
759 http fetch GET 200 https://registry.npmjs.org/proper-lockfile/-/proper-lockfile-4.1.2.tgz 554ms (cache miss)
760 http fetch GET 200 https://registry.npmjs.org/std-env/-/std-env-3.10.0.tgz 576ms (cache miss)
761 http fetch GET 200 https://registry.npmjs.org/long/-/long-5.3.2.tgz 590ms (cache miss)
762 http fetch GET 200 https://registry.npmjs.org/sqlstring/-/sqlstring-2.3.3.tgz 587ms (cache miss)
763 http fetch GET 200 https://registry.npmjs.org/pkg-types/-/pkg-types-2.3.1.tgz 604ms (cache miss)
764 http fetch GET 200 https://registry.npmjs.org/json-schema-traverse/-/json-schema-traverse-1.0.0.tgz 606ms (cache miss)
765 http fetch GET 200 https://registry.npmjs.org/@radix-ui/react-use-effect-event/-/react-use-effect-event-0.0.2.tgz 605ms (cache miss)
766 http fetch GET 200 https://registry.npmjs.org/get-port-please/-/get-port-please-3.2.0.tgz 600ms (cache miss)
767 http fetch GET 200 https://registry.npmjs.org/retry/-/retry-0.12.0.tgz 625ms (cache miss)
768 http fetch GET 200 https://registry.npmjs.org/chokidar/-/chokidar-5.0.0.tgz 625ms (cache miss)
769 http fetch GET 200 https://registry.npmjs.org/empathic/-/empathic-2.0.0.tgz 619ms (cache miss)
770 http fetch GET 200 https://registry.npmjs.org/cross-spawn/-/cross-spawn-7.0.6.tgz 640ms (cache miss)
771 http fetch GET 200 https://registry.npmjs.org/better-result/-/better-result-2.9.2.tgz 634ms (cache miss)
772 http fetch GET 200 https://registry.npmjs.org/c12/-/c12-3.3.4.tgz 653ms (cache miss)
773 http fetch GET 200 https://registry.npmjs.org/@prisma/engines-version/-/engines-version-7.8.0-6.3c6e192761c0362d496ed980de936e2f3cebcd3a.tgz 662ms (cache miss)
774 http fetch GET 200 https://registry.npmjs.org/@prisma/debug/-/debug-7.8.0.tgz 662ms (cache miss)
775 http fetch GET 200 https://registry.npmjs.org/deepmerge-ts/-/deepmerge-ts-7.1.5.tgz 666ms (cache miss)
776 http fetch GET 200 https://registry.npmjs.org/signal-exit/-/signal-exit-3.0.7.tgz 669ms (cache miss)
777 http fetch GET 200 https://registry.npmjs.org/@kurkle/color/-/color-0.3.4.tgz 737ms (cache miss)
778 http fetch GET 200 https://registry.npmjs.org/dotenv/-/dotenv-17.4.2.tgz 785ms (cache miss)
779 http fetch GET 200 https://registry.npmjs.org/ohash/-/ohash-2.0.11.tgz 837ms (cache miss)
780 http fetch GET 200 https://registry.npmjs.org/@hono%2fnode-server 701ms (cache miss)
781 silly packumentCache corgi:https://registry.npmjs.org/@hono%2fnode-server set size:undefined disposed:false
782 http fetch GET 200 https://registry.npmjs.org/@prisma/config/-/config-7.8.0.tgz 886ms (cache miss)
783 http fetch GET 200 https://registry.npmjs.org/@prisma/debug/-/debug-7.2.0.tgz 891ms (cache miss)
784 http fetch GET 200 https://registry.npmjs.org/aws-ssl-profiles/-/aws-ssl-profiles-1.1.2.tgz 914ms (cache miss)
785 http fetch GET 200 https://registry.npmjs.org/giget/-/giget-3.2.0.tgz 914ms (cache miss)
786 silly packumentCache corgi:https://registry.npmjs.org/@prisma%2fdev cache-miss
787 http fetch GET 200 https://registry.npmjs.org/@prisma/engines/-/engines-7.8.0.tgz 948ms (cache miss)
788 http fetch GET 200 https://registry.npmjs.org/react/-/react-19.2.6.tgz 959ms (cache miss)
789 http fetch GET 200 https://registry.npmjs.org/@types/react/-/react-19.2.15.tgz 990ms (cache miss)
790 http fetch GET 200 https://registry.npmjs.org/fast-uri/-/fast-uri-3.1.2.tgz 1006ms (cache miss)
791 http fetch GET 200 https://registry.npmjs.org/csstype/-/csstype-3.2.3.tgz 1008ms (cache miss)
792 http fetch GET 200 https://registry.npmjs.org/zeptomatch/-/zeptomatch-2.1.0.tgz 1006ms (cache miss)
793 http fetch GET 200 https://registry.npmjs.org/confbox/-/confbox-0.2.4.tgz 1034ms (cache miss)
794 http fetch GET 200 https://registry.npmjs.org/signal-exit/-/signal-exit-4.1.0.tgz 1046ms (cache miss)
795 http fetch GET 200 https://registry.npmjs.org/@electric-sql/pglite-socket/-/pglite-socket-0.1.1.tgz 1052ms (cache miss)
796 http fetch GET 200 https://registry.npmjs.org/http-status-codes/-/http-status-codes-2.3.0.tgz 1074ms (cache miss)
797 http fetch GET 200 https://registry.npmjs.org/iconv-lite/-/iconv-lite-0.7.2.tgz 1108ms (cache miss)
798 http fetch GET 200 https://registry.npmjs.org/valibot/-/valibot-1.2.0.tgz 1114ms (cache miss)
799 http fetch GET 200 https://registry.npmjs.org/foreground-child/-/foreground-child-3.3.1.tgz 1119ms (cache miss)
800 http fetch GET 200 https://registry.npmjs.org/@prisma/streams-local/-/streams-local-0.1.2.tgz 1121ms (cache miss)
801 http fetch GET 200 https://registry.npmjs.org/jiti/-/jiti-2.7.0.tgz 1145ms (cache miss)
802 http fetch GET 200 https://registry.npmjs.org/postgres/-/postgres-3.4.7.tgz 1135ms (cache miss)
803 http fetch GET 200 https://registry.npmjs.org/@hono/node-server/-/node-server-1.19.11.tgz 1161ms (cache miss)
804 http fetch GET 200 https://registry.npmjs.org/@prisma/fetch-engine/-/fetch-engine-7.8.0.tgz 1180ms (cache miss)
805 http fetch GET 200 https://registry.npmjs.org/@prisma/get-platform/-/get-platform-7.2.0.tgz 1182ms (cache miss)
806 http fetch GET 200 https://registry.npmjs.org/@electric-sql/pglite-tools/-/pglite-tools-0.3.1.tgz 1188ms (cache miss)
807 http fetch GET 200 https://registry.npmjs.org/@prisma/get-platform/-/get-platform-7.8.0.tgz 1201ms (cache miss)
808 http fetch GET 200 https://registry.npmjs.org/@prisma/get-platform/-/get-platform-7.8.0.tgz 1202ms (cache miss)
809 http fetch GET 200 https://registry.npmjs.org/@prisma/query-plan-executor/-/query-plan-executor-7.2.0.tgz 1289ms (cache miss)
810 http fetch GET 200 https://registry.npmjs.org/pure-rand/-/pure-rand-6.1.0.tgz 1343ms (cache miss)
811 http fetch GET 200 https://registry.npmjs.org/react-dom/-/react-dom-19.2.6.tgz 1373ms (cache miss)
812 http fetch GET 200 https://registry.npmjs.org/@prisma%2fdev 543ms (cache miss)
813 silly packumentCache corgi:https://registry.npmjs.org/@prisma%2fdev set size:undefined disposed:false
814 http fetch GET 200 https://registry.npmjs.org/mysql2/-/mysql2-3.15.3.tgz 1504ms (cache miss)
815 silly packumentCache corgi:https://registry.npmjs.org/prisma cache-miss
816 http cache https://registry.npmjs.org/prisma 57ms (cache hit)
817 silly packumentCache corgi:https://registry.npmjs.org/prisma set size:22812788 disposed:false
818 http fetch GET 200 https://registry.npmjs.org/chart.js/-/chart.js-4.5.1.tgz 2207ms (cache miss)
819 http fetch GET 200 https://registry.npmjs.org/@prisma/dev/-/dev-0.24.3.tgz 2439ms (cache miss)
820 http fetch GET 200 https://registry.npmjs.org/remeda/-/remeda-2.33.4.tgz 2763ms (cache miss)
821 http fetch GET 200 https://registry.npmjs.org/ajv/-/ajv-8.20.0.tgz 2983ms (cache miss)
822 http fetch GET 200 https://registry.npmjs.org/@prisma/studio-core/-/studio-core-0.27.3.tgz 2995ms (cache miss)
823 http fetch GET 200 https://registry.npmjs.org/prisma/-/prisma-7.8.0.tgz 2999ms (cache miss)
824 http fetch GET 200 https://registry.npmjs.org/@electric-sql/pglite/-/pglite-0.4.1.tgz 3013ms (cache miss)
825 http fetch GET 200 https://registry.npmjs.org/hono/-/hono-4.12.22.tgz 3083ms (cache miss)
826 http fetch GET 200 https://registry.npmjs.org/fast-check/-/fast-check-3.23.2.tgz 3407ms (cache miss)
827 http fetch GET 200 https://registry.npmjs.org/effect/-/effect-3.20.0.tgz 3841ms (cache miss)
828 info run prisma@7.8.0 preinstall node_modules/prisma node scripts/preinstall-entry.js
829 info run prisma@7.8.0 preinstall { code: 0, signal: null }
830 info run @prisma/engines@7.8.0 postinstall node_modules/@prisma/engines node scripts/postinstall.js
831 info run @prisma/engines@7.8.0 postinstall { code: 0, signal: null }
832 verbose cwd /workspace
833 verbose os Linux 6.8.0-111-generic
834 verbose node v22.22.3
835 verbose npm  v10.9.8
836 notice
836 notice New major version of npm available! 10.9.8 -> 11.15.0
836 notice Changelog: https://github.com/npm/cli/releases/tag/v11.15.0
836 notice To update run: npm install -g npm@11.15.0
836 notice  { force: true, [Symbol(proc-log.meta)]: true }
837 verbose exit 1
838 verbose code 1
